// Jest Snapshot v1, https://goo.gl/fbAQLP

exports[`Pruebas en <PrimeraApp /> debe mostrar <PrimeraApp /> correctamente 1`] = `
<Fragment>
  <h3>
    Hola Pedro
  </h3>
  <p>
     
    Soy un mensaje por defecto
     
  </p>
</Fragment>
`;
